Calculating task graph as no cached configuration is available for tasks: :shared:compose:visual-test:recordPaparazziDebug :androidApp:assembleDebug

> Configure project :shared:compose
w: Native task 'iosSimulatorArm64Test' is disabled
Task 'iosSimulatorArm64Test' for target 'ios_simulator_arm64' cannot run on the current host (windows-x86_64).
Reason: simulator tests require macOS
Solution: To suppress this warning, add 'kotlin.native.ignoreDisabledTargets=true' to gradle.properties.


> Configure project :shared:platform
w: Unsupported Operating System
Kotlin CocoaPods Plugin is fully supported on MacOS machines only. Gradle tasks that can not run on non-mac hosts will be skipped.
Solution: Run the build on a MacOS machine

w: Cross Compilation with Cinterop Not Supported in Project 'platform'
In project 'platform', cross compilation to target 'iosArm64' has been disabled because it contains cinterops: 'FirebaseAnalytics' which cannot be processed on host 'mingw_x64'.
Cinterop libraries require platform-specific native toolchains that aren't available on the current host system.
Solutions:
 * Remove the cinterop dependencies 'FirebaseAnalytics' from target 'iosArm64'
 * Build on a compatible host platform for this target/cinterop combination
 * To disable klib cross compilation entirely, add 'kotlin.native.enableKlibsCrossCompilation=false' to your Gradle properties

w: Cross Compilation with Cinterop Not Supported in Project 'platform'
In project 'platform', cross compilation to target 'iosSimulatorArm64' has been disabled because it contains cinterops: 'FirebaseAnalytics' which cannot be processed on host 'mingw_x64'.
Cinterop libraries require platform-specific native toolchains that aren't available on the current host system.
Solutions:
 * Remove the cinterop dependencies 'FirebaseAnalytics' from target 'iosSimulatorArm64'
 * Build on a compatible host platform for this target/cinterop combination
 * To disable klib cross compilation entirely, add 'kotlin.native.enableKlibsCrossCompilation=false' to your Gradle properties

w: Disabled Kotlin/Native Targets
The following Kotlin/Native targets cannot be built on this machine and are disabled:
iosArm64, iosSimulatorArm64
Solution: To hide this message, add 'kotlin.native.ignoreDisabledTargets=true' to the Gradle properties.


> Task :shared:platform:androidPreBuild UP-TO-DATE
> Task :shared:domain:androidPreBuild UP-TO-DATE
> Task :shared:component:catalog:androidPreBuild UP-TO-DATE
> Task :shared:component:history:androidPreBuild UP-TO-DATE
> Task :shared:platform:preAndroidMainBuild UP-TO-DATE
> Task :shared:compose:androidPreBuild UP-TO-DATE
> Task :shared:compose:preAndroidMainBuild UP-TO-DATE
> Task :shared:compose:convertXmlValueResourcesForAndroidMain NO-SOURCE
> Task :shared:compose:generateExpectResourceCollectorsForCommonMain UP-TO-DATE
> Task :shared:domain:preAndroidMainBuild UP-TO-DATE
> Task :shared:compose:generateComposeResClass UP-TO-DATE
> Task :shared:component:catalog:preAndroidMainBuild UP-TO-DATE
> Task :shared:compose:kmpPartiallyResolvedDependenciesChecker
> Task :shared:component:session:kmpPartiallyResolvedDependenciesChecker
> Task :shared:component:history:kmpPartiallyResolvedDependenciesChecker
> Task :shared:compose:copyNonXmlValueResourcesForAndroidMain NO-SOURCE
> Task :shared:component:catalog:kmpPartiallyResolvedDependenciesChecker
> Task :shared:root:kmpPartiallyResolvedDependenciesChecker
> Task :shared:domain:kmpPartiallyResolvedDependenciesChecker
> Task :shared:component:history:preAndroidMainBuild UP-TO-DATE
> Task :shared:platform:kmpPartiallyResolvedDependenciesChecker
> Task :shared:platform:generateAndroidMainEmptyResourceFiles UP-TO-DATE
> Task :shared:compose:generateAndroidMainEmptyResourceFiles UP-TO-DATE
> Task :shared:platform:checkKotlinGradlePluginConfigurationErrors SKIPPED
> Task :shared:component:history:checkKotlinGradlePluginConfigurationErrors SKIPPED
> Task :shared:root:androidPreBuild UP-TO-DATE
> Task :shared:component:settings:androidPreBuild UP-TO-DATE
> Task :shared:domain:checkKotlinGradlePluginConfigurationErrors SKIPPED
> Task :shared:root:checkKotlinGradlePluginConfigurationErrors SKIPPED
> Task :shared:compose:convertXmlValueResourcesForCommonMain UP-TO-DATE
> Task :shared:platform:packageAndroidMainResources UP-TO-DATE
> Task :shared:component:session:androidPreBuild UP-TO-DATE
> Task :shared:component:settings:preAndroidMainBuild UP-TO-DATE
> Task :shared:component:catalog:checkKotlinGradlePluginConfigurationErrors SKIPPED
> Task :shared:root:preAndroidMainBuild UP-TO-DATE
> Task :shared:component:settings:kmpPartiallyResolvedDependenciesChecker
> Task :shared:component:templates:kmpPartiallyResolvedDependenciesChecker
> Task :shared:compose:checkKotlinGradlePluginConfigurationErrors SKIPPED
> Task :shared:component:session:checkKotlinGradlePluginConfigurationErrors SKIPPED
> Task :shared:component:settings:checkKotlinGradlePluginConfigurationErrors SKIPPED
> Task :shared:compose:visual-test:preBuild UP-TO-DATE
> Task :shared:component:session:preAndroidMainBuild UP-TO-DATE
> Task :shared:component:templates:checkKotlinGradlePluginConfigurationErrors SKIPPED
> Task :shared:compose:visual-test:generateBagCuePreviewTests UP-TO-DATE
> Task :shared:compose:prepareComposeResourcesTaskForAndroidMain NO-SOURCE
> Task :shared:component:templates:androidPreBuild UP-TO-DATE
> Task :shared:compose:generateAndroidMainAssets UP-TO-DATE
> Task :shared:component:templates:preAndroidMainBuild UP-TO-DATE
> Task :shared:compose:visual-test:preDebugBuild UP-TO-DATE
> Task :shared:compose:generateResourceAccessorsForAndroidMain NO-SOURCE
> Task :shared:component:catalog:generateAndroidMainEmptyResourceFiles UP-TO-DATE
> Task :shared:platform:parseAndroidMainLocalResources UP-TO-DATE
> Task :shared:compose:visual-test:javaPreCompileDebug UP-TO-DATE
> Task :shared:component:history:generateAndroidMainEmptyResourceFiles UP-TO-DATE
> Task :shared:compose:visual-test:processDebugNavigationResources UP-TO-DATE
> Task :shared:component:session:generateAndroidMainEmptyResourceFiles UP-TO-DATE
> Task :shared:compose:visual-test:generateDebugResources UP-TO-DATE
> Task :shared:platform:generateAndroidMainAssets UP-TO-DATE
> Task :shared:root:generateAndroidMainEmptyResourceFiles UP-TO-DATE
> Task :shared:component:templates:generateAndroidMainEmptyResourceFiles UP-TO-DATE
> Task :shared:compose:visual-test:generateDebugUnitTestAssets UP-TO-DATE
> Task :shared:compose:visual-test:generateDebugAssets UP-TO-DATE
> Task :shared:domain:generateAndroidMainEmptyResourceFiles UP-TO-DATE
> Task :shared:compose:visual-test:preDebugUnitTestBuild UP-TO-DATE
> Task :shared:component:settings:generateAndroidMainEmptyResourceFiles UP-TO-DATE
> Task :shared:compose:mapAndroidMainSourceSetPaths UP-TO-DATE
> Task :shared:domain:writeAndroidMainAarMetadata UP-TO-DATE
> Task :shared:compose:writeAndroidMainAarMetadata UP-TO-DATE
> Task :shared:component:catalog:writeAndroidMainAarMetadata UP-TO-DATE
> Task :shared:platform:writeAndroidMainAarMetadata UP-TO-DATE
> Task :shared:root:writeAndroidMainAarMetadata UP-TO-DATE
> Task :shared:component:history:writeAndroidMainAarMetadata UP-TO-DATE
> Task :shared:platform:mapAndroidMainSourceSetPaths UP-TO-DATE
> Task :shared:component:session:writeAndroidMainAarMetadata UP-TO-DATE
> Task :shared:platform:generateAndroidMainRFile UP-TO-DATE
> Task :shared:component:templates:writeAndroidMainAarMetadata UP-TO-DATE
> Task :shared:compose:visual-test:writeDebugAarMetadata UP-TO-DATE
> Task :shared:compose:visual-test:mapDebugSourceSetPaths UP-TO-DATE
> Task :shared:compose:visual-test:generateDebugUnitTestResources UP-TO-DATE
> Task :shared:compose:visual-test:mapDebugUnitTestSourceSetPaths UP-TO-DATE
> Task :shared:platform:compileAndroidMainLibraryResources UP-TO-DATE
> Task :shared:component:settings:writeAndroidMainAarMetadata UP-TO-DATE
> Task :shared:platform:mergeAndroidMainAssets UP-TO-DATE
> Task :shared:compose:visual-test:packageDebugResources UP-TO-DATE
> Task :shared:compose:processAndroidMainManifest UP-TO-DATE
> Task :shared:platform:processAndroidMainManifest UP-TO-DATE
> Task :shared:domain:processAndroidMainManifest UP-TO-DATE
> Task :shared:root:processAndroidMainManifest UP-TO-DATE
> Task :shared:component:history:processAndroidMainManifest UP-TO-DATE
> Task :shared:component:catalog:processAndroidMainManifest UP-TO-DATE
> Task :shared:component:templates:processAndroidMainManifest UP-TO-DATE
> Task :shared:compose:visual-test:parseDebugLocalResources UP-TO-DATE
> Task :shared:compose:visual-test:extractDeepLinksDebug UP-TO-DATE
> Task :shared:compose:visual-test:processDebugManifest UP-TO-DATE
> Task :shared:compose:visual-test:javaPreCompileDebugUnitTest UP-TO-DATE
> Task :shared:compose:visual-test:compileDebugLibraryResources UP-TO-DATE
> Task :androidApp:preBuild UP-TO-DATE
> Task :shared:data:androidPreBuild UP-TO-DATE
> Task :androidApp:preDebugBuild UP-TO-DATE
> Task :shared:component:settings:processAndroidMainManifest UP-TO-DATE
> Task :shared:component:session:processAndroidMainManifest UP-TO-DATE
> Task :shared:network:androidPreBuild UP-TO-DATE
> Task :shared:data:kmpPartiallyResolvedDependenciesChecker
> Task :shared:network:preAndroidMainBuild UP-TO-DATE
> Task :shared:data:checkKotlinGradlePluginConfigurationErrors SKIPPED
> Task :androidApp:generateDebugAssets UP-TO-DATE
> Task :shared:data:preAndroidMainBuild UP-TO-DATE
> Task :shared:compose:visual-test:generateDebugRFile UP-TO-DATE
> Task :shared:network:kmpPartiallyResolvedDependenciesChecker
> Task :shared:network:checkKotlinGradlePluginConfigurationErrors SKIPPED
> Task :shared:compose:visual-test:checkDebugUnitTestAarMetadata UP-TO-DATE
> Task :shared:compose:visual-test:processDebugUnitTestManifest UP-TO-DATE
> Task :shared:domain:compileAndroidMain UP-TO-DATE
> Task :shared:domain:bundleAndroidMainClassesToCompileJar UP-TO-DATE
> Task :androidApp:generateDebugResources
> Task :androidApp:generateDebugBuildConfig UP-TO-DATE
> Task :shared:component:catalog:compileAndroidMain UP-TO-DATE
> Task :shared:compose:copyNonXmlValueResourcesForCommonMain
> Task :shared:platform:compileAndroidMain UP-TO-DATE
> Task :shared:platform:bundleAndroidMainClassesToCompileJar UP-TO-DATE
> Task :shared:component:catalog:bundleAndroidMainClassesToCompileJar UP-TO-DATE
> Task :shared:compose:prepareComposeResourcesTaskForCommonMain
> Task :shared:component:history:compileAndroidMain UP-TO-DATE
> Task :shared:component:settings:compileAndroidMain UP-TO-DATE
> Task :shared:component:history:bundleAndroidMainClassesToCompileJar UP-TO-DATE
> Task :shared:component:settings:bundleAndroidMainClassesToCompileJar UP-TO-DATE
> Task :androidApp:mergeDebugNativeDebugMetadata NO-SOURCE
> Task :androidApp:javaPreCompileDebug UP-TO-DATE
> Task :shared:domain:bundleAndroidMainClassesToRuntimeJar UP-TO-DATE
> Task :shared:component:catalog:bundleAndroidMainClassesToRuntimeJar UP-TO-DATE
> Task :shared:platform:bundleAndroidMainClassesToRuntimeJar UP-TO-DATE
> Task :shared:component:history:bundleAndroidMainClassesToRuntimeJar UP-TO-DATE
> Task :shared:component:settings:bundleAndroidMainClassesToRuntimeJar UP-TO-DATE
> Task :shared:component:session:compileAndroidMain UP-TO-DATE
> Task :shared:domain:processAndroidMainJavaRes UP-TO-DATE
> Task :shared:platform:processAndroidMainJavaRes UP-TO-DATE
> Task :shared:data:generateCommonMainBagCueDatabaseInterface UP-TO-DATE
> Task :shared:component:session:bundleAndroidMainClassesToCompileJar UP-TO-DATE
> Task :shared:component:session:bundleAndroidMainClassesToRuntimeJar UP-TO-DATE
> Task :shared:component:catalog:processAndroidMainJavaRes UP-TO-DATE
> Task :shared:component:history:processAndroidMainJavaRes UP-TO-DATE
> Task :shared:component:session:processAndroidMainJavaRes UP-TO-DATE
> Task :shared:component:settings:processAndroidMainJavaRes UP-TO-DATE
> Task :shared:data:generateAndroidMainEmptyResourceFiles UP-TO-DATE
> Task :shared:component:templates:compileAndroidMain UP-TO-DATE
> Task :shared:component:templates:bundleAndroidMainClassesToCompileJar UP-TO-DATE
> Task :shared:compose:copyAndroidMainComposeResourcesToAndroidAssets
> Task :shared:root:compileAndroidMain UP-TO-DATE
> Task :shared:network:generateAndroidMainEmptyResourceFiles UP-TO-DATE
> Task :shared:root:bundleAndroidMainClassesToCompileJar UP-TO-DATE
> Task :shared:compose:packageAndroidMainResources UP-TO-DATE
> Task :shared:component:templates:bundleAndroidMainClassesToRuntimeJar UP-TO-DATE
> Task :shared:root:bundleAndroidMainClassesToRuntimeJar UP-TO-DATE
> Task :shared:compose:parseAndroidMainLocalResources UP-TO-DATE
> Task :shared:compose:generateAndroidMainRFile UP-TO-DATE
> Task :shared:root:processAndroidMainJavaRes UP-TO-DATE
> Task :shared:component:templates:processAndroidMainJavaRes UP-TO-DATE
> Task :shared:compose:compileAndroidMainLibraryResources UP-TO-DATE
> Task :shared:compose:mergeAndroidMainAssets
> Task :shared:compose:visual-test:mergeDebugAssets
> Task :shared:compose:visual-test:mergeDebugUnitTestResources UP-TO-DATE
> Task :shared:compose:visual-test:preparePaparazziDebugResources UP-TO-DATE
> Task :shared:compose:visual-test:mergeDebugUnitTestAssets
> Task :shared:compose:generateResourceAccessorsForCommonMain
> Task :shared:compose:visual-test:processDebugUnitTestResources UP-TO-DATE
> Task :shared:data:writeAndroidMainAarMetadata UP-TO-DATE
> Task :shared:compose:generateActualResourceCollectorsForAndroidMain
> Task :shared:compose:visual-test:packageDebugUnitTestForUnitTest
> Task :shared:compose:visual-test:generateDebugUnitTestConfig
> Task :androidApp:extractDeepLinksDebug UP-TO-DATE
> Task :androidApp:createDebugCompatibleScreenManifests UP-TO-DATE
> Task :shared:network:writeAndroidMainAarMetadata UP-TO-DATE
> Task :androidApp:mapDebugSourceSetPaths
> Task :shared:data:processAndroidMainManifest UP-TO-DATE
> Task :androidApp:packageDebugResources
> Task :shared:network:processAndroidMainManifest UP-TO-DATE
> Task :androidApp:mergeDebugJniLibFolders UP-TO-DATE
> Task :shared:domain:mergeAndroidMainJniLibFolders UP-TO-DATE
> Task :shared:network:mergeAndroidMainJniLibFolders UP-TO-DATE
> Task :shared:compose:mergeAndroidMainJniLibFolders UP-TO-DATE
> Task :shared:data:mergeAndroidMainJniLibFolders UP-TO-DATE
> Task :shared:compose:mergeAndroidMainNativeLibs NO-SOURCE
> Task :shared:domain:mergeAndroidMainNativeLibs NO-SOURCE
> Task :shared:data:mergeAndroidMainNativeLibs NO-SOURCE
> Task :shared:network:mergeAndroidMainNativeLibs NO-SOURCE
> Task :shared:platform:mergeAndroidMainJniLibFolders UP-TO-DATE
> Task :shared:platform:mergeAndroidMainNativeLibs NO-SOURCE
> Task :shared:data:copyAndroidMainJniLibsProjectOnly UP-TO-DATE
> Task :shared:network:copyAndroidMainJniLibsProjectOnly UP-TO-DATE
> Task :shared:compose:copyAndroidMainJniLibsProjectOnly UP-TO-DATE
> Task :shared:domain:copyAndroidMainJniLibsProjectOnly UP-TO-DATE
> Task :shared:platform:copyAndroidMainJniLibsProjectOnly UP-TO-DATE
> Task :shared:component:catalog:mergeAndroidMainJniLibFolders UP-TO-DATE
> Task :shared:root:mergeAndroidMainJniLibFolders UP-TO-DATE
> Task :shared:component:session:mergeAndroidMainJniLibFolders UP-TO-DATE
> Task :shared:component:catalog:mergeAndroidMainNativeLibs NO-SOURCE
> Task :shared:root:mergeAndroidMainNativeLibs NO-SOURCE
> Task :shared:component:settings:mergeAndroidMainJniLibFolders UP-TO-DATE
> Task :shared:component:session:mergeAndroidMainNativeLibs NO-SOURCE
> Task :shared:component:settings:mergeAndroidMainNativeLibs NO-SOURCE
> Task :shared:root:copyAndroidMainJniLibsProjectOnly UP-TO-DATE
> Task :shared:component:session:copyAndroidMainJniLibsProjectOnly UP-TO-DATE
> Task :androidApp:validateSigningDebug UP-TO-DATE
> Task :shared:component:settings:copyAndroidMainJniLibsProjectOnly UP-TO-DATE
> Task :shared:component:history:mergeAndroidMainJniLibFolders UP-TO-DATE
> Task :shared:component:history:mergeAndroidMainNativeLibs NO-SOURCE
> Task :shared:component:history:copyAndroidMainJniLibsProjectOnly UP-TO-DATE
> Task :androidApp:writeDebugAppMetadata UP-TO-DATE
> Task :androidApp:writeDebugSigningConfigVersions UP-TO-DATE
> Task :shared:component:templates:mergeAndroidMainJniLibFolders UP-TO-DATE
> Task :shared:component:templates:mergeAndroidMainNativeLibs NO-SOURCE
> Task :shared:component:templates:copyAndroidMainJniLibsProjectOnly UP-TO-DATE
> Task :shared:component:catalog:copyAndroidMainJniLibsProjectOnly UP-TO-DATE
> Task :shared:data:compileAndroidMain UP-TO-DATE
> Task :shared:data:bundleAndroidMainClassesToCompileJar UP-TO-DATE
> Task :shared:data:bundleAndroidMainClassesToRuntimeJar UP-TO-DATE
> Task :shared:data:processAndroidMainJavaRes UP-TO-DATE
> Task :shared:network:compileAndroidMain UP-TO-DATE
> Task :shared:network:bundleAndroidMainClassesToCompileJar UP-TO-DATE
> Task :shared:network:bundleAndroidMainClassesToRuntimeJar UP-TO-DATE
> Task :shared:network:processAndroidMainJavaRes UP-TO-DATE

> Task :shared:compose:compileAndroidMain
w: file:///D:/Sources/Android/BagCue/shared/compose/src/commonMain/kotlin/com/sedsoftware/bagcue/compose/history/HistoryScreen.kt:143:62 Redundant call of conversion method.

> Task :shared:compose:bundleAndroidMainClassesToCompileJar
> Task :shared:compose:visual-test:compileDebugKotlin NO-SOURCE
> Task :shared:compose:visual-test:compileDebugJavaWithJavac NO-SOURCE
> Task :shared:compose:visual-test:bundleLibRuntimeToJarDebug UP-TO-DATE
> Task :shared:compose:processAndroidMainJavaRes UP-TO-DATE
> Task :shared:compose:visual-test:processDebugJavaRes NO-SOURCE
> Task :shared:compose:visual-test:bundleLibCompileToJarDebug UP-TO-DATE
> Task :shared:compose:bundleAndroidMainClassesToRuntimeJar
> Task :shared:compose:visual-test:compileDebugUnitTestKotlin
> Task :shared:compose:visual-test:processDebugUnitTestJavaRes UP-TO-DATE
> Task :shared:compose:visual-test:compileDebugUnitTestJavaWithJavac NO-SOURCE
> Task :androidApp:desugarDebugFileDependencies UP-TO-DATE
> Task :shared:compose:visual-test:transformDebugUnitTestClassesWithAsm
> Task :androidApp:processDebugNavigationResources
> Task :androidApp:compileDebugNavigationResources UP-TO-DATE
> Task :androidApp:checkDebugAarMetadata UP-TO-DATE
> Task :androidApp:mergeDebugAssets
> Task :androidApp:parseDebugLocalResources
> Task :androidApp:generateDebugRFile UP-TO-DATE
> Task :androidApp:compressDebugAssets
> Task :androidApp:checkDebugDuplicateClasses UP-TO-DATE
> Task :androidApp:mergeDebugNativeLibs UP-TO-DATE
> Task :androidApp:stripDebugDebugSymbols UP-TO-DATE
> Task :androidApp:processDebugMainManifest UP-TO-DATE
> Task :androidApp:processDebugManifest UP-TO-DATE
> Task :androidApp:processDebugManifestForPackage UP-TO-DATE
> Task :androidApp:mergeExtDexDebug UP-TO-DATE
> Task :androidApp:mergeDebugResources
> Task :androidApp:compileDebugKotlin
> Task :androidApp:processDebugJavaRes UP-TO-DATE
> Task :androidApp:compileDebugJavaWithJavac UP-TO-DATE
> Task :androidApp:mergeLibDexDebug
> Task :androidApp:processDebugResources
> Task :shared:compose:visual-test:testDebugUnitTest
> Task :androidApp:dexBuilderDebug
> Task :androidApp:mergeProjectDexDebug UP-TO-DATE
> Task :androidApp:mergeDebugGlobalSynthetics UP-TO-DATE
> Task :androidApp:mergeDebugJavaResource
> Task :androidApp:packageDebug
> Task :androidApp:assembleDebug
> Task :androidApp:createDebugApkListingFileRedirect UP-TO-DATE

> Task :shared:compose:visual-test:testDebugUnitTest
See the Paparazzi report at: file:///D:/Sources/Android/BagCue/shared/compose/visual-test/build/reports/paparazzi/debug/index.html

> Task :shared:compose:visual-test:recordPaparazziDebug

[Incubating] Problems report is available at: file:///D:/Sources/Android/BagCue/build/reports/problems/problems-report.html

BUILD SUCCESSFUL in 1m 13s
199 actionable tasks: 41 executed, 158 up-to-date
Configuration cache entry stored.
